// Jest Snapshot v1, https://goo.gl/fbAQLP

exports[`AuthManager Can get options 1`] = `
{
  "axiosInstance": [Function],
  "buildAuthorizationHeader": [Function],
  "getUser": [MockFunction],
  "refreshToken": [MockFunction],
  "signIn": [MockFunction],
  "signOut": [MockFunction],
  "storage": MemoryStorage {
    "_data": Map {},
    "getItem": [Function],
    "multiRemove": [Function],
    "multiSet": [Function],
    "remove": [Function],
    "setItem": [Function],
  },
  "storageKeys": {
    "accessToken": "@l/auth/access",
    "refreshToken": "@l/auth/refresh",
    "user": "@l/auth/user",
  },
}
`;
